// Jest Snapshot v1, https://goo.gl/fbAQLP

exports[`The Person component Testing Person Component 1`] = `
<h3>
  Hello 
</h3>
`;
